Debug: KiotaBuilder kiota version 1.35.0
Debug: KiotaBuilder cache file /tmp/kiota/cache/generation/F30AD14CCBE560EDD13A0B8195A7EE5E7EA1C8C1E3A69516615D07D2C5703DE5/openapi.json not found, downloading from http://172.18.0.4:5000/openapi.json
Information: KiotaBuilder loaded description from remote source
Debug: KiotaBuilder step 1 - reading the stream - took 00:00:00.0415310
Warning: KiotaBuilder OpenAPI warning: #/ - A servers entry (v3) or host + basePath + schemes properties (v2) was not present in the OpenAPI description. The root URL will need to be set manually with the request adapter.
Debug: KiotaBuilder step 2 - parsing the document - took 00:00:00.0766883
Debug: KiotaBuilder step 3 - updating generation configuration from kiota extension - took 00:00:00.0001045
Debug: KiotaBuilder step 4 - filtering API paths with patterns - took 00:00:00.0019569
Warning: KiotaBuilder No server url found in the OpenAPI document. The base url will need to be set when using the client.
Debug: KiotaBuilder step 5 - checking whether the output should be updated - took 00:00:00.0222457
Debug: KiotaBuilder step 6 - create uri space - took 00:00:00.0034785
Debug: KiotaBuilder InitializeInheritanceIndex 00:00:00.0034520
Debug: KiotaBuilder CreateRequestBuilderClass 00:00:00.0333594
Debug: KiotaBuilder CreateWebhookModels 00:00:00.0003567
Debug: KiotaBuilder MapTypeDefinitions 00:00:00.0027747
Debug: KiotaBuilder TrimInheritedModels 00:00:00.0057232
Debug: KiotaBuilder CleanUpInternalState 00:00:00.0003720
Debug: KiotaBuilder step 7 - create source model - took 00:00:00.0464023
Debug: KiotaBuilder 22ms: Language refinement applied
Debug: KiotaBuilder step 8 - refine by language - took 00:00:00.0246936
Debug: KiotaBuilder step 9 - writing files - took 00:00:00.0309858
Debug: KiotaBuilder cache file /tmp/kiota/cache/generation/F30AD14CCBE560EDD13A0B8195A7EE5E7EA1C8C1E3A69516615D07D2C5703DE5/openapi.json is out of date, downloading from http://172.18.0.4:5000/openapi.json
Debug: KiotaBuilder cache file /tmp/kiota/cache/generation/F30AD14CCBE560EDD13A0B8195A7EE5E7EA1C8C1E3A69516615D07D2C5703DE5/openapi.json not found, downloading from http://172.18.0.4:5000/openapi.json
Information: KiotaBuilder loaded description from remote source
Debug: KiotaBuilder step 10 - writing lock file - took 00:00:00.0127822
Debug: KiotaBuilder Api manifest path: /workspaces/frontend/apimanifest.json
